MPLINK 4.37, Linker
Linker Map File - Created Sat Apr 11 14:36:04 2015

                                 Section Info
                  Section       Type    Address   Location Size(Bytes)
                ---------  ---------  ---------  ---------  ---------
                   .org_0       code   0x000000    program   0x000000
                   .org_1       code   0x000000    program   0x000002
                   .org_2       code   0x000004    program   0x00014e
.config_2007_OPENENDED1.O       code   0x002007    program   0x000002
.config_2008_OPENENDED1.O       code   0x002008    program   0x000002



                              Program Memory Usage 
                               Start         End      
                           ---------   ---------      
                            0x000000    0x000000      
                            0x000004    0x0000aa      
                            0x002007    0x002008      
            170 out of 4360 program addresses used, program memory utilization is 3%



                              Symbols - Sorted by Name
                     Name    Address   Location    Storage File                     
                ---------  ---------  ---------  --------- ---------                
                   ADconv   0x000072    program     static E:\MaiCom\MPLABProjects\OpenEnded01\OpenEnded1.asm
             ADconv_waitA   0x00007c    program     static E:\MaiCom\MPLABProjects\OpenEnded01\OpenEnded1.asm
             ADconv_waitB   0x000080    program     static E:\MaiCom\MPLABProjects\OpenEnded01\OpenEnded1.asm
               FrameError   0x00009c    program     static E:\MaiCom\MPLABProjects\OpenEnded01\OpenEnded1.asm
                  OSCWAIT   0x000033    program     static E:\MaiCom\MPLABProjects\OpenEnded01\OpenEnded1.asm
             OverrunError   0x00009f    program     static E:\MaiCom\MPLABProjects\OpenEnded01\OpenEnded1.asm
                    Reset   0x000000    program     static E:\MaiCom\MPLABProjects\OpenEnded01\OpenEnded1.asm
             SerialEnable   0x00008a    program     static E:\MaiCom\MPLABProjects\OpenEnded01\OpenEnded1.asm
                    Start   0x00001e    program     static E:\MaiCom\MPLABProjects\OpenEnded01\OpenEnded1.asm
                StartSign   0x000036    program     static E:\MaiCom\MPLABProjects\OpenEnded01\OpenEnded1.asm
                   TLoop0   0x000067    program     static E:\MaiCom\MPLABProjects\OpenEnded01\OpenEnded1.asm
                   TLoop1   0x000069    program     static E:\MaiCom\MPLABProjects\OpenEnded01\OpenEnded1.asm
                   TLoop2   0x00006b    program     static E:\MaiCom\MPLABProjects\OpenEnded01\OpenEnded1.asm
            TMR1interrupt   0x000010    program     static E:\MaiCom\MPLABProjects\OpenEnded01\OpenEnded1.asm
                   Wait1S   0x000065    program     static E:\MaiCom\MPLABProjects\OpenEnded01\OpenEnded1.asm
                 WaitLoop   0x000050    program     static E:\MaiCom\MPLABProjects\OpenEnded01\OpenEnded1.asm
                arraytest   0x000054    program     static E:\MaiCom\MPLABProjects\OpenEnded01\OpenEnded1.asm
                   intend   0x000015    program     static E:\MaiCom\MPLABProjects\OpenEnded01\OpenEnded1.asm
                interrupt   0x000004    program     static E:\MaiCom\MPLABProjects\OpenEnded01\OpenEnded1.asm
                  receive   0x000093    program     static E:\MaiCom\MPLABProjects\OpenEnded01\OpenEnded1.asm
                skiperror   0x00009a    program     static E:\MaiCom\MPLABProjects\OpenEnded01\OpenEnded1.asm
                 transmit   0x0000a3    program     static E:\MaiCom\MPLABProjects\OpenEnded01\OpenEnded1.asm
            transmit_loop   0x0000a5    program     static E:\MaiCom\MPLABProjects\OpenEnded01\OpenEnded1.asm



                              Symbols - Sorted by Address
                     Name    Address   Location    Storage File                     
                ---------  ---------  ---------  --------- ---------                
                    Reset   0x000000    program     static E:\MaiCom\MPLABProjects\OpenEnded01\OpenEnded1.asm
                interrupt   0x000004    program     static E:\MaiCom\MPLABProjects\OpenEnded01\OpenEnded1.asm
            TMR1interrupt   0x000010    program     static E:\MaiCom\MPLABProjects\OpenEnded01\OpenEnded1.asm
                   intend   0x000015    program     static E:\MaiCom\MPLABProjects\OpenEnded01\OpenEnded1.asm
                    Start   0x00001e    program     static E:\MaiCom\MPLABProjects\OpenEnded01\OpenEnded1.asm
                  OSCWAIT   0x000033    program     static E:\MaiCom\MPLABProjects\OpenEnded01\OpenEnded1.asm
                StartSign   0x000036    program     static E:\MaiCom\MPLABProjects\OpenEnded01\OpenEnded1.asm
                 WaitLoop   0x000050    program     static E:\MaiCom\MPLABProjects\OpenEnded01\OpenEnded1.asm
                arraytest   0x000054    program     static E:\MaiCom\MPLABProjects\OpenEnded01\OpenEnded1.asm
                   Wait1S   0x000065    program     static E:\MaiCom\MPLABProjects\OpenEnded01\OpenEnded1.asm
                   TLoop0   0x000067    program     static E:\MaiCom\MPLABProjects\OpenEnded01\OpenEnded1.asm
                   TLoop1   0x000069    program     static E:\MaiCom\MPLABProjects\OpenEnded01\OpenEnded1.asm
                   TLoop2   0x00006b    program     static E:\MaiCom\MPLABProjects\OpenEnded01\OpenEnded1.asm
                   ADconv   0x000072    program     static E:\MaiCom\MPLABProjects\OpenEnded01\OpenEnded1.asm
             ADconv_waitA   0x00007c    program     static E:\MaiCom\MPLABProjects\OpenEnded01\OpenEnded1.asm
             ADconv_waitB   0x000080    program     static E:\MaiCom\MPLABProjects\OpenEnded01\OpenEnded1.asm
             SerialEnable   0x00008a    program     static E:\MaiCom\MPLABProjects\OpenEnded01\OpenEnded1.asm
                  receive   0x000093    program     static E:\MaiCom\MPLABProjects\OpenEnded01\OpenEnded1.asm
                skiperror   0x00009a    program     static E:\MaiCom\MPLABProjects\OpenEnded01\OpenEnded1.asm
               FrameError   0x00009c    program     static E:\MaiCom\MPLABProjects\OpenEnded01\OpenEnded1.asm
             OverrunError   0x00009f    program     static E:\MaiCom\MPLABProjects\OpenEnded01\OpenEnded1.asm
                 transmit   0x0000a3    program     static E:\MaiCom\MPLABProjects\OpenEnded01\OpenEnded1.asm
            transmit_loop   0x0000a5    program     static E:\MaiCom\MPLABProjects\OpenEnded01\OpenEnded1.asm


